---
source: tests/e2e.rs
expression: projection
---
{
  "actions": [],
  "externals": [
    {
      "gitref": "v4",
      "owner": "actions",
      "repo": "checkout",
      "subpath": null
    }
  ],
  "schema_version": 10,
  "workflows": [
    {
      "id": ".github/workflows/test.yml",
      "jobs": [
        {
          "calls_secrets": null,
          "calls_workflow": null,
          "id": "setup",
          "step_uses_kinds": [
            "external"
          ]
        },
        {
          "calls_secrets": null,
          "calls_workflow": null,
          "id": "test",
          "step_uses_kinds": [
            "external"
          ]
        },
        {
          "calls_secrets": null,
          "calls_workflow": null,
          "id": "aggregate",
          "step_uses_kinds": []
        }
      ],
      "name": "Test",
      "triggers": [
        "push",
        "workflow_dispatch"
      ]
    }
  ]
}
